// Jest Snapshot v1, https://goo.gl/fbAQLP

exports[`extractor should generate basic css 1`] = `".a{color:red}.b:hover{color:blue}"`;
